
Currently Loaded Modules:
  1) deepmd-kit/3.2.0       6) openmpi/5.0.8-nvhpc25.7-gnu-auto
  2) fftw/3.3.10            7) saiblas/2509-gnu-auto
  3) libxc/7.0.0-auto       8) elpa/2025.06.001-2509-gnu-sm70-auto
  4) cuda/12.9.1            9) abacus/LTSv3.10.1-sm70-auto
  5) nvhpc/25.7-gnu-tuned

job=1444708 node=4v100n20 devices=0
== DP channel: MODEL only ==

The following have been reloaded with a version change:
  1) nvhpc/25.7-gnu-tuned => nvhpc/26.3-gnu-cuda12-tuned
  2) openmpi/5.0.8-nvhpc25.7-gnu-auto => openmpi/5.0.10-nvhpc26.3-gnu-cuda12-auto


Currently Loaded Modules:
  1) fftw/3.3.10
  2) libxc/7.0.0-auto
  3) saiblas/2509-gnu-auto
  4) elpa/2025.06.001-2509-gnu-sm70-auto
  5) abacus/LTSv3.10.1-sm70-auto
  6) cuda/12.9.1
slots=1: makespan median=8.215s ok=1/1 gpu_s median=8.211
wrote benchmark record: /org/galileo-group/galileouser02/atst-p2-closeout-20260922/record-dp/runs/bench_record.json
== ABACUS channel: ABACUS_INPUTS only ==

The following have been reloaded with a version change:
  1) nvhpc/25.7-gnu-tuned => nvhpc/26.3-gnu-cuda12-tuned
  2) openmpi/5.0.8-nvhpc25.7-gnu-auto => openmpi/5.0.10-nvhpc26.3-gnu-cuda12-auto


The following have been reloaded with a version change:
  1) nvhpc/26.3-gnu-cuda12-tuned => nvhpc/25.7-gnu-tuned
  2) openmpi/5.0.10-nvhpc26.3-gnu-cuda12-auto => openmpi/5.0.8-nvhpc25.7-gnu-auto


Currently Loaded Modules:
  1) deepmd-kit/3.2.0       6) openmpi/5.0.8-nvhpc25.7-gnu-auto
  2) fftw/3.3.10            7) saiblas/2509-gnu-auto
  3) libxc/7.0.0-auto       8) elpa/2025.06.001-2509-gnu-sm70-auto
  4) cuda/12.9.1            9) abacus/LTSv3.10.1-sm70-auto
  5) nvhpc/25.7-gnu-tuned

slots=1: makespan median=153.227s ok=1/1 gpu_s median=153.222
wrote benchmark record: /org/galileo-group/galileouser02/atst-p2-closeout-20260922/record-abacus/runs/bench_record.json
== record assertions ==
dp: head=0fd205a6cb8e37bf91126eb75be8a8f8dfbf0166 branch=dev/gpu-tuning-closeout-20260922 dirty=False
abacus: head=0fd205a6cb8e37bf91126eb75be8a8f8dfbf0166 branch=dev/gpu-tuning-closeout-20260922 dirty=False
dp fixture: {"exists": true, "label": "dp_model", "path": "/org/galileo-group/galileouser02/atst-p2-closeout-20260922/models-ro/model.ckpt-100000.pt", "sha256": "13b7479796d36b9d5d9518106f24a1915e43810765dbc09cafda817046753e34"}
abacus fixture: {"exists": true, "file_count": 2, "label": "abacus_inputs", "path": "/org/galileo-group/galileouser02/atst-p2-closeout-20260922/atst-tools/examples/06_relax_H2-Au/inputs", "sha256": null, "tree_sha256": "4972c5a02de5888b228f53e9a90903cc81ddd3c708d9da62b7cfd6b1d0ea2770"}
RECORD-CHANNEL ASSERTIONS OK
DONE
